{
  "pas_ガ": {
    "overt": {
      "denom_precision": 0,
      "denom_recall": 0,
      "tp": 0
    },
    "dep": {
      "denom_precision": 1,
      "denom_recall": 1,
      "tp": 1
    },
    "zero_endophora": {
      "denom_precision": 1,
      "denom_recall": 1,
      "tp": 1
    },
    "exophora": {
      "denom_precision": 0,
      "denom_recall": 0,
      "tp": 0
    },
    "overt_dep": {
      "denom_precision": 1,
      "denom_recall": 1,
      "tp": 1
    },
    "endophora": {
      "denom_precision": 2,
      "denom_recall": 2,
      "tp": 2
    },
    "zero": {
      "denom_precision": 1,
      "denom_recall": 1,
      "tp": 1
    },
    "dep_zero": {
      "denom_precision": 2,
      "denom_recall": 2,
      "tp": 2
    },
    "all": {
      "denom_precision": 2,
      "denom_recall": 2,
      "tp": 2
    }
  },
  "pas_ヲ": {
    "overt": {
      "denom_precision": 0,
      "denom_recall": 1,
      "tp": 0
    },
    "dep": {
      "denom_precision": 0,
      "denom_recall": 0,
      "tp": 0
    },
    "zero_endophora": {
      "denom_precision": 1,
      "denom_recall": 1,
      "tp": 1
    },
    "exophora": {
      "denom_precision": 0,
      "denom_recall": 0,
      "tp": 0
    },
    "overt_dep": {
      "denom_precision": 0,
      "denom_recall": 1,
      "tp": 0
    },
    "endophora": {
      "denom_precision": 1,
      "denom_recall": 2,
      "tp": 1
    },
    "zero": {
      "denom_precision": 1,
      "denom_recall": 1,
      "tp": 1
    },
    "dep_zero": {
      "denom_precision": 1,
      "denom_recall": 1,
      "tp": 1
    },
    "all": {
      "denom_precision": 1,
      "denom_recall": 2,
      "tp": 1
    }
  },
  "pas": {
    "overt": {
      "denom_precision": 0,
      "denom_recall": 1,
      "tp": 0
    },
    "dep": {
      "denom_precision": 1,
      "denom_recall": 1,
      "tp": 1
    },
    "zero_endophora": {
      "denom_precision": 2,
      "denom_recall": 2,
      "tp": 2
    },
    "exophora": {
      "denom_precision": 0,
      "denom_recall": 0,
      "tp": 0
    },
    "overt_dep": {
      "denom_precision": 1,
      "denom_recall": 2,
      "tp": 1
    },
    "endophora": {
      "denom_precision": 3,
      "denom_recall": 4,
      "tp": 3
    },
    "zero": {
      "denom_precision": 2,
      "denom_recall": 2,
      "tp": 2
    },
    "dep_zero": {
      "denom_precision": 3,
      "denom_recall": 3,
      "tp": 3
    },
    "all": {
      "denom_precision": 3,
      "denom_recall": 4,
      "tp": 3
    }
  },
  "bridging": {
    "dep": {
      "denom_precision": 1,
      "denom_recall": 1,
      "tp": 1
    },
    "zero_endophora": {
      "denom_precision": 0,
      "denom_recall": 0,
      "tp": 0
    },
    "exophora": {
      "denom_precision": 0,
      "denom_recall": 0,
      "tp": 0
    },
    "endophora": {
      "denom_precision": 1,
      "denom_recall": 1,
      "tp": 1
    },
    "zero": {
      "denom_precision": 0,
      "denom_recall": 0,
      "tp": 0
    },
    "dep_zero": {
      "denom_precision": 1,
      "denom_recall": 1,
      "tp": 1
    },
    "all": {
      "denom_precision": 1,
      "denom_recall": 1,
      "tp": 1
    }
  },
  "coreference": {
    "exophora": {
      "denom_precision": 1,
      "denom_recall": 0,
      "tp": 0
    },
    "endophora": {
      "denom_precision": 1,
      "denom_recall": 1,
      "tp": 0
    },
    "all": {
      "denom_precision": 2,
      "denom_recall": 1,
      "tp": 0
    }
  }
}
