pas_ガ
  overt
    precision: 0.0000 (0/0)
    recall   : 0.0000 (0/0)
    F        : 0.0000
  dep
    precision: 1.0000 (1/1)
    recall   : 1.0000 (1/1)
    F        : 1.0000
  zero_endophora
    precision: 1.0000 (1/1)
    recall   : 1.0000 (1/1)
    F        : 1.0000
  exophora
    precision: 0.0000 (0/0)
    recall   : 0.0000 (0/0)
    F        : 0.0000
  overt_dep
    precision: 1.0000 (1/1)
    recall   : 1.0000 (1/1)
    F        : 1.0000
  endophora
    precision: 1.0000 (2/2)
    recall   : 1.0000 (2/2)
    F        : 1.0000
  zero
    precision: 1.0000 (1/1)
    recall   : 1.0000 (1/1)
    F        : 1.0000
  dep_zero
    precision: 1.0000 (2/2)
    recall   : 1.0000 (2/2)
    F        : 1.0000
  all
    precision: 1.0000 (2/2)
    recall   : 1.0000 (2/2)
    F        : 1.0000
pas_ヲ
  overt
    precision: 0.0000 (0/0)
    recall   : 0.0000 (0/1)
    F        : 0.0000
  dep
    precision: 0.0000 (0/0)
    recall   : 0.0000 (0/0)
    F        : 0.0000
  zero_endophora
    precision: 1.0000 (1/1)
    recall   : 1.0000 (1/1)
    F        : 1.0000
  exophora
    precision: 0.0000 (0/0)
    recall   : 0.0000 (0/0)
    F        : 0.0000
  overt_dep
    precision: 0.0000 (0/0)
    recall   : 0.0000 (0/1)
    F        : 0.0000
  endophora
    precision: 1.0000 (1/1)
    recall   : 0.5000 (1/2)
    F        : 0.6667
  zero
    precision: 1.0000 (1/1)
    recall   : 1.0000 (1/1)
    F        : 1.0000
  dep_zero
    precision: 1.0000 (1/1)
    recall   : 1.0000 (1/1)
    F        : 1.0000
  all
    precision: 1.0000 (1/1)
    recall   : 0.5000 (1/2)
    F        : 0.6667
pas
  overt
    precision: 0.0000 (0/0)
    recall   : 0.0000 (0/1)
    F        : 0.0000
  dep
    precision: 1.0000 (1/1)
    recall   : 1.0000 (1/1)
    F        : 1.0000
  zero_endophora
    precision: 1.0000 (2/2)
    recall   : 1.0000 (2/2)
    F        : 1.0000
  exophora
    precision: 0.0000 (0/0)
    recall   : 0.0000 (0/0)
    F        : 0.0000
  overt_dep
    precision: 1.0000 (1/1)
    recall   : 0.5000 (1/2)
    F        : 0.6667
  endophora
    precision: 1.0000 (3/3)
    recall   : 0.7500 (3/4)
    F        : 0.8571
  zero
    precision: 1.0000 (2/2)
    recall   : 1.0000 (2/2)
    F        : 1.0000
  dep_zero
    precision: 1.0000 (3/3)
    recall   : 1.0000 (3/3)
    F        : 1.0000
  all
    precision: 1.0000 (3/3)
    recall   : 0.7500 (3/4)
    F        : 0.8571
bridging_ノ
  dep
    precision: 1.0000 (1/1)
    recall   : 1.0000 (1/1)
    F        : 1.0000
  zero_endophora
    precision: 0.0000 (0/0)
    recall   : 0.0000 (0/0)
    F        : 0.0000
  exophora
    precision: 0.0000 (0/0)
    recall   : 0.0000 (0/0)
    F        : 0.0000
  endophora
    precision: 1.0000 (1/1)
    recall   : 1.0000 (1/1)
    F        : 1.0000
  zero
    precision: 0.0000 (0/0)
    recall   : 0.0000 (0/0)
    F        : 0.0000
  dep_zero
    precision: 1.0000 (1/1)
    recall   : 1.0000 (1/1)
    F        : 1.0000
  all
    precision: 1.0000 (1/1)
    recall   : 1.0000 (1/1)
    F        : 1.0000
bridging
  dep
    precision: 1.0000 (1/1)
    recall   : 1.0000 (1/1)
    F        : 1.0000
  zero_endophora
    precision: 0.0000 (0/0)
    recall   : 0.0000 (0/0)
    F        : 0.0000
  exophora
    precision: 0.0000 (0/0)
    recall   : 0.0000 (0/0)
    F        : 0.0000
  endophora
    precision: 1.0000 (1/1)
    recall   : 1.0000 (1/1)
    F        : 1.0000
  zero
    precision: 0.0000 (0/0)
    recall   : 0.0000 (0/0)
    F        : 0.0000
  dep_zero
    precision: 1.0000 (1/1)
    recall   : 1.0000 (1/1)
    F        : 1.0000
  all
    precision: 1.0000 (1/1)
    recall   : 1.0000 (1/1)
    F        : 1.0000
coreference
  exophora
    precision: 0.0000 (0/1)
    recall   : 0.0000 (0/0)
    F        : 0.0000
  endophora
    precision: 0.0000 (0/1)
    recall   : 0.0000 (0/1)
    F        : 0.0000
  all
    precision: 0.0000 (0/2)
    recall   : 0.0000 (0/1)
    F        : 0.0000
