


<ul><li>
      <div class="tree-directory">
            <i>dir1</i><ul><li>
      <div class="tree-file">
          <a href="html/dir1/aaa.out">aaa.out</a>
          (<a href="html/dir1/aaa">aaa</a>)
          </div>
      </li>
    </ul></div></li>
    <li>
      <div class="tree-directory">
            <i>dir2</i><ul><li>
      <div class="tree-file">
          <a href="html/dir2/aaa.out">aaa.out</a>
          (<a href="html/dir2/aaa">aaa</a>)
          </div>
      </li>
    </ul></div></li>
    <li>
      <div class="tree-file">
          <a href="html/aaa.out">aaa.out</a>
          (<a href="html/aaa">aaa</a>)
          </div>
      </li>
    </ul>