


<ul><li>
      <div class="tree-file">
          
          <a href="html/.gitignore">.gitignore</a>
          </div>
      </li>
    <li>
      <div class="tree-file">
          <a href="html/one.a">one.a</a>
          (<a href="html/one">one</a>)
          </div>
      </li>
    <li>
      <div class="tree-file">
          <a href="html/two.a">two.a</a><a href="html/two.b">two.b</a>
          (<a href="html/two">two</a>)
          </div>
      </li>
    <li>
      <div class="tree-file">
          
          <a href="html/zero">zero</a>
          </div>
      </li>
    </ul>