


<ul><li>
      <div class="tree-directory">
            <i>dir1</i><ul><li>
      <div class="tree-directory">
            <i>dir</i><ul><li>
      <div class="tree-file">
          <a href="html/dir1/dir/bbb">bbb</a>
          (<a href="html/dir1/dir/aaa">aaa</a>)
          </div>
      </li>
    </ul></div></li>
    <li>
      <div class="tree-file">
          <a href="html/dir1/bb">bb</a>
          (<a href="html/dir1/aa">aa</a>)
          </div>
      </li>
    </ul></div></li>
    <li>
      <div class="tree-directory">
            <i>dir2</i><ul><li>
      <div class="tree-file">
          
          <a href="html/dir2/bbb">bbb</a>
          </div>
      </li>
    </ul></div></li>
    <li>
      <div class="tree-file">
          <a href="html/bb">bb</a>
          (<a href="html/aa">aa</a>)
          </div>
      </li>
    <li>
      <div class="tree-file">
          <a href="html/bbb">bbb</a>
          (<a href="html/aaa">aaa</a>)
          </div>
      </li>
    </ul>